// Jest Snapshot v1, https://goo.gl/fbAQLP

exports[`test render EditExpensePage correctly 1`] = `
<div>
  Editing the expense with id of 
  2
  <h1>
    Edit Expense
  </h1>
  <ExpenseForm
    expense={
      Object {
        "amount": 109500,
        "createdAt": -345600000,
        "description": "Rent",
        "id": "2",
        "note": "",
      }
    }
    onSubmit={[Function]}
  />
  <button
    onClick={[Function]}
  >
    Remove
  </button>
</div>
`;
