// Jest Snapshot v1, https://goo.gl/fbAQLP

exports[`Should render Header correctly 1`] = `
<div>
  <h1>
    Login to Expensify
  </h1>
  <button>
    Login
  </button>
</div>
`;
